<?xml version="1.0" encoding="UTF-8" ?>
<testsuites name="vitest tests" tests="221" failures="0" errors="0" time="41.7198">
    <testsuite name="components/DashboardPage/__tests__/Dashboard.test.tsx" timestamp="2026-10-01T13:58:47.379Z" hostname="IaM-Desktop" tests="5" failures="0" errors="0" skipped="0" time="0.312">
        <testcase classname="components/DashboardPage/__tests__/Dashboard.test.tsx" name="Dashboard page is rendered correctly &gt; render an error when network error occurs" time="0.0655">
        </testcase>
        <testcase classname="components/DashboardPage/__tests__/Dashboard.test.tsx" name="Dashboard page is rendered correctly &gt; render an error when GraphQL error occurs" time="0.0638">
        </testcase>
        <testcase classname="components/DashboardPage/__tests__/Dashboard.test.tsx" name="Dashboard page is rendered correctly &gt; render no data found when returned data is empty" time="0.057">
        </testcase>
        <testcase classname="components/DashboardPage/__tests__/Dashboard.test.tsx" name="Dashboard page is rendered correctly &gt; render board items correctly" time="0.0644">
        </testcase>
        <testcase classname="components/DashboardPage/__tests__/Dashboard.test.tsx" name="Dashboard page is rendered correctly &gt; links to the correct board page" time="0.061">
        </testcase>
    </testsuite>
    <testsuite name="components/global/__tests__/ConfirmActionDialogPending.test.tsx" timestamp="2026-10-01T13:58:47.381Z" hostname="IaM-Desktop" tests="1" failures="0" errors="0" skipped="0" time="0.2639">
        <testcase classname="components/global/__tests__/ConfirmActionDialogPending.test.tsx" name="blocks confirmation dismissal and repeated submission until the action finishes" time="0.2637">
        </testcase>
    </testsuite>
    <testsuite name="components/BoardPage/__tests__/AddCardFeature.test.tsx" timestamp="2026-10-01T13:58:47.382Z" hostname="IaM-Desktop" tests="1" failures="0" errors="0" skipped="0" time="0.3085">
        <testcase classname="components/BoardPage/__tests__/AddCardFeature.test.tsx" name="Add card feature &gt; renders new card after successful submission" time="0.3081">
        </testcase>
    </testsuite>
    <testsuite name="components/BoardPage/__tests__/AddListFeature.test.tsx" timestamp="2026-10-01T13:58:47.382Z" hostname="IaM-Desktop" tests="1" failures="0" errors="0" skipped="0" time="0.2875">
        <testcase classname="components/BoardPage/__tests__/AddListFeature.test.tsx" name="Add list feature &gt; renders new list after successful submission" time="0.2869">
        </testcase>
    </testsuite>
    <testsuite name="components/BoardPage/__tests__/CardDeletions.test.tsx" timestamp="2026-10-01T13:58:47.383Z" hostname="IaM-Desktop" tests="3" failures="0" errors="0" skipped="0" time="0.7859">
        <testcase classname="components/BoardPage/__tests__/CardDeletions.test.tsx" name="Multiple card deletions &gt; disables deletion without selections and resets selections on cancel" time="0.269">
        </testcase>
        <testcase classname="components/BoardPage/__tests__/CardDeletions.test.tsx" name="Multiple card deletions &gt; deletes all selected cards in one action and removes them from cache" time="0.2495">
        </testcase>
        <testcase classname="components/BoardPage/__tests__/CardDeletions.test.tsx" name="Multiple card deletions &gt; retains selections and deletion mode after a failed action" time="0.2671">
        </testcase>
    </testsuite>
    <testsuite name="components/BoardPage/__tests__/CardDisclosureIntegration.test.tsx" timestamp="2026-10-01T13:58:47.384Z" hostname="IaM-Desktop" tests="1" failures="0" errors="0" skipped="0" time="0.1472">
        <testcase classname="components/BoardPage/__tests__/CardDisclosureIntegration.test.tsx" name="keeps a collapsed card list and add-list control inert until expanded" time="0.147">
        </testcase>
    </testsuite>
    <testsuite name="components/BoardPage/__tests__/DeleteCardFeature.test.tsx" timestamp="2026-10-01T13:58:47.384Z" hostname="IaM-Desktop" tests="2" failures="0" errors="0" skipped="0" time="0.4058">
        <testcase classname="components/BoardPage/__tests__/DeleteCardFeature.test.tsx" name="Delete card feature &gt; deletes the selected card, updates the board, and closes the dialog" time="0.2329">
        </testcase>
        <testcase classname="components/BoardPage/__tests__/DeleteCardFeature.test.tsx" name="Delete card feature &gt; keeps the card and dialog open when deletion fails" time="0.1726">
        </testcase>
    </testsuite>
    <testsuite name="components/BoardPage/__tests__/DeleteListFeature.test.tsx" timestamp="2026-10-01T13:58:47.385Z" hostname="IaM-Desktop" tests="2" failures="0" errors="0" skipped="0" time="0.4035">
        <testcase classname="components/BoardPage/__tests__/DeleteListFeature.test.tsx" name="Delete list feature &gt; deletes the selected list, updates its card, and closes the dialog" time="0.2372">
        </testcase>
        <testcase classname="components/BoardPage/__tests__/DeleteListFeature.test.tsx" name="Delete list feature &gt; keeps the list and dialog open when deletion fails" time="0.1661">
        </testcase>
    </testsuite>
    <testsuite name="components/BoardPage/__tests__/SingleBoard.test.tsx" timestamp="2026-10-01T13:58:47.386Z" hostname="IaM-Desktop" tests="5" failures="0" errors="0" skipped="0" time="0.3554">
        <testcase classname="components/BoardPage/__tests__/SingleBoard.test.tsx" name="Singe board page is rendered correctly &gt; render an error when network error occurs" time="0.0662">
        </testcase>
        <testcase classname="components/BoardPage/__tests__/SingleBoard.test.tsx" name="Singe board page is rendered correctly &gt; render an error when GraphQL error occurs" time="0.0721">
        </testcase>
        <testcase classname="components/BoardPage/__tests__/SingleBoard.test.tsx" name="Singe board page is rendered correctly &gt; render no data found when returned data is empty" time="0.0547">
        </testcase>
        <testcase classname="components/BoardPage/__tests__/SingleBoard.test.tsx" name="Singe board page is rendered correctly &gt; render board, card, list with values correctly" time="0.07">
        </testcase>
        <testcase classname="components/BoardPage/__tests__/SingleBoard.test.tsx" name="Singe board page is rendered correctly &gt; renders initial demo data as read-only" time="0.0922">
        </testcase>
    </testsuite>
    <testsuite name="components/BoardPage/__tests__/UpdateCardFeature.test.tsx" timestamp="2026-10-01T13:58:47.387Z" hostname="IaM-Desktop" tests="1" failures="0" errors="0" skipped="0" time="0.2943">
        <testcase classname="components/BoardPage/__tests__/UpdateCardFeature.test.tsx" name="Update card feature &gt; renders the updated card after successful submission" time="0.294">
        </testcase>
    </testsuite>
    <testsuite name="components/BoardPage/__tests__/UpdateListFeature.test.tsx" timestamp="2026-10-01T13:58:47.387Z" hostname="IaM-Desktop" tests="1" failures="0" errors="0" skipped="0" time="0.3605">
        <testcase classname="components/BoardPage/__tests__/UpdateListFeature.test.tsx" name="Update dialogs &gt; renders the updated list after successful submission" time="0.3602">
        </testcase>
    </testsuite>
    <testsuite name="components/Homepage/__tests__/DemoHomepage.test.tsx" timestamp="2026-10-01T13:58:47.387Z" hostname="IaM-Desktop" tests="2" failures="0" errors="0" skipped="0" time="0.1348">
        <testcase classname="components/Homepage/__tests__/DemoHomepage.test.tsx" name="Demo homepage &gt; renders the first demo board by default" time="0.0181">
        </testcase>
        <testcase classname="components/Homepage/__tests__/DemoHomepage.test.tsx" name="Demo homepage &gt; switches the displayed board and closes the demo navigation" time="0.1166">
        </testcase>
    </testsuite>
    <testsuite name="components/Homepage/__tests__/ErrorToast.test.tsx" timestamp="2026-10-01T13:58:47.388Z" hostname="IaM-Desktop" tests="4" failures="0" errors="0" skipped="0" time="0.0074">
        <testcase classname="components/Homepage/__tests__/ErrorToast.test.tsx" name="toast function is invoked correctly &gt; renders null — no visible DOM element" time="0.0021">
        </testcase>
        <testcase classname="components/Homepage/__tests__/ErrorToast.test.tsx" name="toast function is invoked correctly &gt; calls toast.error with the error message when error param is present" time="0.0007">
        </testcase>
        <testcase classname="components/Homepage/__tests__/ErrorToast.test.tsx" name="toast function is invoked correctly &gt; does not call toast.error when no error param is present" time="0.0033">
        </testcase>
        <testcase classname="components/Homepage/__tests__/ErrorToast.test.tsx" name="toast function is invoked correctly &gt; does not call toast.error when error param is an empty string" time="0.0011">
        </testcase>
    </testsuite>
    <testsuite name="components/Navbar/__tests__/BoardBadge.test.tsx" timestamp="2026-10-01T13:58:47.390Z" hostname="IaM-Desktop" tests="4" failures="0" errors="0" skipped="0" time="0.2514">
        <testcase classname="components/Navbar/__tests__/BoardBadge.test.tsx" name="BoardBadge &gt; renders Mineboard as a homepage link on the landing page" time="0.0741">
        </testcase>
        <testcase classname="components/Navbar/__tests__/BoardBadge.test.tsx" name="BoardBadge &gt; renders Mineboard as a homepage link on the dashboard page" time="0.0616">
        </testcase>
        <testcase classname="components/Navbar/__tests__/BoardBadge.test.tsx" name="BoardBadge &gt; renders the board title on board routes" time="0.0607">
        </testcase>
        <testcase classname="components/Navbar/__tests__/BoardBadge.test.tsx" name="BoardBadge &gt; renders an error when the board title query fails" time="0.0547">
        </testcase>
    </testsuite>
    <testsuite name="components/Navbar/__tests__/SignInButton.test.tsx" timestamp="2026-10-01T13:58:47.391Z" hostname="IaM-Desktop" tests="1" failures="0" errors="0" skipped="0" time="0.0746">
        <testcase classname="components/Navbar/__tests__/SignInButton.test.tsx" name="SignInWithGoogle action is called when log in" time="0.0741">
        </testcase>
    </testsuite>
    <testsuite name="components/Navbar/__tests__/SignOutButton.test.tsx" timestamp="2026-10-01T13:58:47.392Z" hostname="IaM-Desktop" tests="1" failures="0" errors="0" skipped="0" time="0.0722">
        <testcase classname="components/Navbar/__tests__/SignOutButton.test.tsx" name="SignOutWithGoogle action is called when log out" time="0.0721">
        </testcase>
    </testsuite>
    <testsuite name="components/Navbar/__tests__/ThemeToggleButton.test.tsx" timestamp="2026-10-01T13:58:47.393Z" hostname="IaM-Desktop" tests="7" failures="0" errors="0" skipped="0" time="0.5552">
        <testcase classname="components/Navbar/__tests__/ThemeToggleButton.test.tsx" name="Theme toggle — read localStorage on mount &gt; adds &quot;dark&quot; class to &lt;html&gt; when localStorage is &quot;dark&quot;" time="0.007">
        </testcase>
        <testcase classname="components/Navbar/__tests__/ThemeToggleButton.test.tsx" name="Theme toggle — read localStorage on mount &gt; removes &quot;dark&quot; class from &lt;html&gt; when localStorage is &quot;light&quot;" time="0.0014">
        </testcase>
        <testcase classname="components/Navbar/__tests__/ThemeToggleButton.test.tsx" name="Theme icon — icon rendered correctly &gt; renders MoonIcon when scheme is dark" time="0.0619">
        </testcase>
        <testcase classname="components/Navbar/__tests__/ThemeToggleButton.test.tsx" name="Theme icon — icon rendered correctly &gt; renders SunIcon when scheme is light" time="0.0659">
        </testcase>
        <testcase classname="components/Navbar/__tests__/ThemeToggleButton.test.tsx" name="Theme toggle interaction &gt; toggles from light → dark" time="0.1333">
        </testcase>
        <testcase classname="components/Navbar/__tests__/ThemeToggleButton.test.tsx" name="Theme toggle interaction &gt; toggles from dark → light" time="0.1178">
        </testcase>
        <testcase classname="components/Navbar/__tests__/ThemeToggleButton.test.tsx" name="Theme toggle interaction &gt; toggles twice: returns to the original theme" time="0.1675">
        </testcase>
    </testsuite>
    <testsuite name="components/Navbar/__tests__/UpdateBoardTitleFeature.test.tsx" timestamp="2026-10-01T13:58:47.395Z" hostname="IaM-Desktop" tests="1" failures="0" errors="0" skipped="0" time="0.2501">
        <testcase classname="components/Navbar/__tests__/UpdateBoardTitleFeature.test.tsx" name="UpdateBoardTitle feature &gt; updates the board title shown in the navbar and sidebar" time="0.2499">
        </testcase>
    </testsuite>
    <testsuite name="components/Navbar/__tests__/UserButton.test.tsx" timestamp="2026-10-01T13:58:47.395Z" hostname="IaM-Desktop" tests="6" failures="0" errors="0" skipped="0" time="0.1583">
        <testcase classname="components/Navbar/__tests__/UserButton.test.tsx" name="UserButton — UI when user is NOT authenticated &gt; renders the user icon button" time="0.0109">
        </testcase>
        <testcase classname="components/Navbar/__tests__/UserButton.test.tsx" name="UserButton — UI when user is NOT authenticated &gt; does not render user avatar image" time="0.0034">
        </testcase>
        <testcase classname="components/Navbar/__tests__/UserButton.test.tsx" name="UserButton — UI when user is NOT authenticated &gt; shows SignInButton inside popover panel" time="0.0812">
        </testcase>
        <testcase classname="components/Navbar/__tests__/UserButton.test.tsx" name="UserButton — UI when user IS authenticated &gt; renders the user avatar image" time="0.0032">
        </testcase>
        <testcase classname="components/Navbar/__tests__/UserButton.test.tsx" name="UserButton — UI when user IS authenticated &gt; does not render user icon" time="0.0035">
        </testcase>
        <testcase classname="components/Navbar/__tests__/UserButton.test.tsx" name="UserButton — UI when user IS authenticated &gt; shows SignOutButton inside popover panel" time="0.0558">
        </testcase>
    </testsuite>
    <testsuite name="components/Sidebar/__tests__/DashboardSidebar.test.tsx" timestamp="2026-10-01T13:58:47.397Z" hostname="IaM-Desktop" tests="5" failures="0" errors="0" skipped="0" time="0.4424">
        <testcase classname="components/Sidebar/__tests__/DashboardSidebar.test.tsx" name="DashboardSidebar &gt; opens board navigation, links to boards, and closes after navigation" time="0.1246">
        </testcase>
        <testcase classname="components/Sidebar/__tests__/DashboardSidebar.test.tsx" name="DashboardSidebar &gt; disables board creation while board navigation is loading" time="0.0474">
        </testcase>
        <testcase classname="components/Sidebar/__tests__/DashboardSidebar.test.tsx" name="DashboardSidebar &gt; renders an empty state when the user has no boards" time="0.0502">
        </testcase>
        <testcase classname="components/Sidebar/__tests__/DashboardSidebar.test.tsx" name="DashboardSidebar &gt; renders an error state when board navigation fails to load" time="0.0496">
        </testcase>
        <testcase classname="components/Sidebar/__tests__/DashboardSidebar.test.tsx" name="DashboardSidebar &gt; shows the new board title as a navigation link after successful creation" time="0.1704">
        </testcase>
    </testsuite>
    <testsuite name="hooks/image-cleanup/__tests__/useImageUploadSession.test.tsx" timestamp="2026-10-01T13:58:47.398Z" hostname="IaM-Desktop" tests="2" failures="0" errors="0" skipped="0" time="0.4577">
        <testcase classname="hooks/image-cleanup/__tests__/useImageUploadSession.test.tsx" name="useImageUploadSession &gt; separates saved uploads from images removed from the submitted form" time="0.2585">
        </testcase>
        <testcase classname="hooks/image-cleanup/__tests__/useImageUploadSession.test.tsx" name="useImageUploadSession &gt; returns every tracked upload when the dialog session is discarded" time="0.1989">
        </testcase>
    </testsuite>
    <testsuite name="components/BoardPage/Board/__tests__/BoardLayoutSync.test.tsx" timestamp="2026-10-01T13:58:47.399Z" hostname="IaM-Desktop" tests="1" failures="0" errors="0" skipped="0" time="0.0551">
        <testcase classname="components/BoardPage/Board/__tests__/BoardLayoutSync.test.tsx" name="waits for previous layout work before mounting the board" time="0.0548">
        </testcase>
    </testsuite>
    <testsuite name="components/BoardPage/Board/__tests__/LayoutMutationSyncProvider.test.tsx" timestamp="2026-10-01T13:58:47.400Z" hostname="IaM-Desktop" tests="3" failures="0" errors="0" skipped="0" time="0.0046">
        <testcase classname="components/BoardPage/Board/__tests__/LayoutMutationSyncProvider.test.tsx" name="flushes a queued save and waits before running a mutation" time="0.0029">
        </testcase>
        <testcase classname="components/BoardPage/Board/__tests__/LayoutMutationSyncProvider.test.tsx" name="waits for newer queued work while an earlier save is running" time="0.0009">
        </testcase>
        <testcase classname="components/BoardPage/Board/__tests__/LayoutMutationSyncProvider.test.tsx" name="waits for a failed save rollback to commit before mutating" time="0.0008">
        </testcase>
    </testsuite>
    <testsuite name="components/BoardPage/Card/__tests__/DisclosureEligibility.test.tsx" timestamp="2026-10-01T13:58:47.401Z" hostname="IaM-Desktop" tests="1" failures="0" errors="0" skipped="0" time="0.1656">
        <testcase classname="components/BoardPage/Card/__tests__/DisclosureEligibility.test.tsx" name="shows all content in one column or when the card has no overflow" time="0.1654">
        </testcase>
    </testsuite>
    <testsuite name="components/BoardPage/Card/__tests__/DisclosureToggle.test.tsx" timestamp="2026-10-01T13:58:47.402Z" hostname="IaM-Desktop" tests="1" failures="0" errors="0" skipped="0" time="0.1637">
        <testcase classname="components/BoardPage/Card/__tests__/DisclosureToggle.test.tsx" name="toggles disclosure of an overflowing card" time="0.1636">
        </testcase>
    </testsuite>
    <testsuite name="components/BoardPage/Card/__tests__/DragHoverExpansion.test.tsx" timestamp="2026-10-01T13:58:47.404Z" hostname="IaM-Desktop" tests="1" failures="0" errors="0" skipped="0" time="0.3437">
        <testcase classname="components/BoardPage/Card/__tests__/DragHoverExpansion.test.tsx" name="opens a hovered card for an incoming list and keeps it open afterward" time="0.3435">
        </testcase>
    </testsuite>
    <testsuite name="components/BoardPage/__tests__/ActionMenu/AddNewCard.test.tsx" timestamp="2026-10-01T13:58:47.405Z" hostname="IaM-Desktop" tests="3" failures="0" errors="0" skipped="0" time="0.1427">
        <testcase classname="components/BoardPage/__tests__/ActionMenu/AddNewCard.test.tsx" name="ActionMenu Add new card action &gt; renders &quot;Add new card&quot; as the permanent action button" time="0.0234">
        </testcase>
        <testcase classname="components/BoardPage/__tests__/ActionMenu/AddNewCard.test.tsx" name="ActionMenu Add new card action &gt; opens the Add Card dialog when &quot;Add new card&quot; is selected" time="0.085">
        </testcase>
        <testcase classname="components/BoardPage/__tests__/ActionMenu/AddNewCard.test.tsx" name="ActionMenu Add new card action &gt; disables the Add Card action until list fields exist" time="0.0341">
        </testcase>
    </testsuite>
    <testsuite name="components/BoardPage/__tests__/ActionMenu/CustomListFields.test.tsx" timestamp="2026-10-01T13:58:47.405Z" hostname="IaM-Desktop" tests="1" failures="0" errors="0" skipped="0" time="0.1958">
        <testcase classname="components/BoardPage/__tests__/ActionMenu/CustomListFields.test.tsx" name="ActionMenu Custom list fields action &gt; runs the &quot;Custom list fields&quot; action from the menu" time="0.1957">
        </testcase>
    </testsuite>
    <testsuite name="components/BoardPage/__tests__/ActionMenu/DeleteBoard.test.tsx" timestamp="2026-10-01T13:58:47.406Z" hostname="IaM-Desktop" tests="3" failures="0" errors="0" skipped="0" time="0.645">
        <testcase classname="components/BoardPage/__tests__/ActionMenu/DeleteBoard.test.tsx" name="ActionMenu — Delete board action &gt; cancels without deleting the board" time="0.1989">
        </testcase>
        <testcase classname="components/BoardPage/__tests__/ActionMenu/DeleteBoard.test.tsx" name="ActionMenu — Delete board action &gt; shows pending controls, updates the cache, and redirects on success" time="0.229">
        </testcase>
        <testcase classname="components/BoardPage/__tests__/ActionMenu/DeleteBoard.test.tsx" name="ActionMenu — Delete board action &gt; keeps the confirmation open and reports recoverable errors" time="0.2167">
        </testcase>
    </testsuite>
    <testsuite name="components/BoardPage/__tests__/ActionMenu/DeleteBoardAfterLayoutSave.test.tsx" timestamp="2026-10-01T13:58:47.408Z" hostname="IaM-Desktop" tests="1" failures="0" errors="0" skipped="0" time="0.3153">
        <testcase classname="components/BoardPage/__tests__/ActionMenu/DeleteBoardAfterLayoutSave.test.tsx" name="waits for a queued layout save before deleting the board" time="0.3152">
        </testcase>
    </testsuite>
    <testsuite name="components/BoardPage/__tests__/ActionMenu/UpdateBoardTitle.test.tsx" timestamp="2026-10-01T13:58:47.408Z" hostname="IaM-Desktop" tests="1" failures="0" errors="0" skipped="0" time="0.1683">
        <testcase classname="components/BoardPage/__tests__/ActionMenu/UpdateBoardTitle.test.tsx" name="ActionMenu Update board title action &gt; enables and focuses the board title input from the menu" time="0.1681">
        </testcase>
    </testsuite>
    <testsuite name="components/BoardPage/__tests__/AddListFieldsFeature/DialogOpening.test.tsx" timestamp="2026-10-01T13:58:47.409Z" hostname="IaM-Desktop" tests="1" failures="0" errors="0" skipped="0" time="0.2157">
        <testcase classname="components/BoardPage/__tests__/AddListFieldsFeature/DialogOpening.test.tsx" name="Add list fields dialog opening &gt; opens the add list fields dialog from the action menu button" time="0.2154">
        </testcase>
    </testsuite>
    <testsuite name="components/BoardPage/__tests__/AddListFieldsFeature/EmptyBoardState.test.tsx" timestamp="2026-10-01T13:58:47.409Z" hostname="IaM-Desktop" tests="4" failures="0" errors="0" skipped="0" time="0.3551">
        <testcase classname="components/BoardPage/__tests__/AddListFieldsFeature/EmptyBoardState.test.tsx" name="Add list fields empty board state &gt; renders the add list fields empty state when there are no list fields" time="0.0719">
        </testcase>
        <testcase classname="components/BoardPage/__tests__/AddListFieldsFeature/EmptyBoardState.test.tsx" name="Add list fields empty board state &gt; keeps add card unavailable before any list fields exist" time="0.0993">
        </testcase>
        <testcase classname="components/BoardPage/__tests__/AddListFieldsFeature/EmptyBoardState.test.tsx" name="Add list fields empty board state &gt; opens the add list fields dialog from the empty cards container" time="0.1173">
        </testcase>
        <testcase classname="components/BoardPage/__tests__/AddListFieldsFeature/EmptyBoardState.test.tsx" name="Add list fields empty board state &gt; does not render card or list content before a card exists" time="0.0665">
        </testcase>
    </testsuite>
    <testsuite name="components/BoardPage/__tests__/AddListFieldsFeature/FullCreateFlow.test.tsx" timestamp="2026-10-01T13:58:47.410Z" hostname="IaM-Desktop" tests="1" failures="0" errors="0" skipped="0" time="0.6696">
        <testcase classname="components/BoardPage/__tests__/AddListFieldsFeature/FullCreateFlow.test.tsx" name="Add list fields full create flow &gt; creates list fields, a card, and a list with values that render on the new card" time="0.6694">
        </testcase>
    </testsuite>
    <testsuite name="components/BoardPage/__tests__/AddListFieldsFeature/NoCardsState.test.tsx" timestamp="2026-10-01T13:58:47.411Z" hostname="IaM-Desktop" tests="2" failures="0" errors="0" skipped="0" time="0.2088">
        <testcase classname="components/BoardPage/__tests__/AddListFieldsFeature/NoCardsState.test.tsx" name="Add list fields no cards state &gt; renders the add card empty state when list fields exist but no cards exist" time="0.065">
        </testcase>
        <testcase classname="components/BoardPage/__tests__/AddListFieldsFeature/NoCardsState.test.tsx" name="Add list fields no cards state &gt; opens the add card dialog from the cards container create button" time="0.1435">
        </testcase>
    </testsuite>
    <testsuite name="components/BoardPage/__tests__/AddListFieldsFeature/PostCreateAvailability.test.tsx" timestamp="2026-10-01T13:58:47.411Z" hostname="IaM-Desktop" tests="1" failures="0" errors="0" skipped="0" time="0.349">
        <testcase classname="components/BoardPage/__tests__/AddListFieldsFeature/PostCreateAvailability.test.tsx" name="Add list fields post-create availability &gt; makes add card available after list fields are created" time="0.3488">
        </testcase>
    </testsuite>
    <testsuite name="components/BoardPage/__tests__/DragDrop/CardNoOpDrop.test.tsx" timestamp="2026-10-01T13:58:47.412Z" hostname="IaM-Desktop" tests="1" failures="0" errors="0" skipped="0" time="0.49">
        <testcase classname="components/BoardPage/__tests__/DragDrop/CardNoOpDrop.test.tsx" name="Unchanged card position &gt; does not save a card dropped back in its original position" time="0.4897">
        </testcase>
    </testsuite>
    <testsuite name="components/BoardPage/__tests__/DragDrop/CardReordering.test.tsx" timestamp="2026-10-01T13:58:47.412Z" hostname="IaM-Desktop" tests="1" failures="0" errors="0" skipped="0" time="0.4958">
        <testcase classname="components/BoardPage/__tests__/DragDrop/CardReordering.test.tsx" name="Card reordering &gt; reorders cards from the card handle" time="0.4955">
        </testcase>
    </testsuite>
    <testsuite name="components/BoardPage/__tests__/DragDrop/CrossCardListMove.test.tsx" timestamp="2026-10-01T13:58:47.412Z" hostname="IaM-Desktop" tests="1" failures="0" errors="0" skipped="0" time="0.4846">
        <testcase classname="components/BoardPage/__tests__/DragDrop/CrossCardListMove.test.tsx" name="Cross-card list movement &gt; moves a list into a card that already contains a list" time="0.4843">
        </testcase>
    </testsuite>
    <testsuite name="components/BoardPage/__tests__/DragDrop/DragHandleActivation.test.tsx" timestamp="2026-10-01T13:58:47.413Z" hostname="IaM-Desktop" tests="1" failures="0" errors="0" skipped="0" time="0.1934">
        <testcase classname="components/BoardPage/__tests__/DragDrop/DragHandleActivation.test.tsx" name="Drag handle activation &gt; does not start list sorting outside the configured handle" time="0.1933">
        </testcase>
    </testsuite>
    <testsuite name="components/BoardPage/__tests__/DragDrop/EmptyCardDrop.test.tsx" timestamp="2026-10-01T13:58:47.413Z" hostname="IaM-Desktop" tests="1" failures="0" errors="0" skipped="0" time="0.4807">
        <testcase classname="components/BoardPage/__tests__/DragDrop/EmptyCardDrop.test.tsx" name="Empty card drop target &gt; moves a list into an empty card" time="0.4805">
        </testcase>
    </testsuite>
    <testsuite name="components/BoardPage/__tests__/DragDrop/InitialLayout.test.tsx" timestamp="2026-10-01T13:58:47.414Z" hostname="IaM-Desktop" tests="1" failures="0" errors="0" skipped="0" time="0.0184">
        <testcase classname="components/BoardPage/__tests__/DragDrop/InitialLayout.test.tsx" name="Initial board layout &gt; renders the server card and list order" time="0.0183">
        </testcase>
    </testsuite>
    <testsuite name="components/BoardPage/__tests__/DragDrop/InvalidCardDrop.test.tsx" timestamp="2026-10-01T13:58:47.414Z" hostname="IaM-Desktop" tests="1" failures="0" errors="0" skipped="0" time="0.49">
        <testcase classname="components/BoardPage/__tests__/DragDrop/InvalidCardDrop.test.tsx" name="Invalid card drop &gt; restores the card order and does not save outside a card target" time="0.4896">
        </testcase>
    </testsuite>
    <testsuite name="components/BoardPage/__tests__/DragDrop/InvalidListDrop.test.tsx" timestamp="2026-10-01T13:58:47.414Z" hostname="IaM-Desktop" tests="1" failures="0" errors="0" skipped="0" time="0.4908">
        <testcase classname="components/BoardPage/__tests__/DragDrop/InvalidListDrop.test.tsx" name="Invalid list drop &gt; does not save a list dropped outside every card" time="0.4906">
        </testcase>
    </testsuite>
    <testsuite name="components/BoardPage/__tests__/DragDrop/KeyboardReordering.test.tsx" timestamp="2026-10-01T13:58:47.415Z" hostname="IaM-Desktop" tests="1" failures="0" errors="0" skipped="0" time="0.0786">
        <testcase classname="components/BoardPage/__tests__/DragDrop/KeyboardReordering.test.tsx" name="Keyboard reordering &gt; moves and saves a card using the keyboard sensor" time="0.0785">
        </testcase>
    </testsuite>
    <testsuite name="components/BoardPage/__tests__/DragDrop/LatestSavedRollback.test.tsx" timestamp="2026-10-01T13:58:47.415Z" hostname="IaM-Desktop" tests="1" failures="0" errors="0" skipped="0" time="0.9814">
        <testcase classname="components/BoardPage/__tests__/DragDrop/LatestSavedRollback.test.tsx" name="Latest saved layout rollback &gt; restores the latest successful layout when a later save fails" time="0.9811">
        </testcase>
    </testsuite>
    <testsuite name="components/BoardPage/__tests__/DragDrop/ListNoOpDrop.test.tsx" timestamp="2026-10-01T13:58:47.416Z" hostname="IaM-Desktop" tests="1" failures="0" errors="0" skipped="0" time="0.4739">
        <testcase classname="components/BoardPage/__tests__/DragDrop/ListNoOpDrop.test.tsx" name="Unchanged list position &gt; does not save a list dropped back in its original position" time="0.4737">
        </testcase>
    </testsuite>
    <testsuite name="components/BoardPage/__tests__/DragDrop/ListReordering.test.tsx" timestamp="2026-10-01T13:58:47.416Z" hostname="IaM-Desktop" tests="1" failures="0" errors="0" skipped="0" time="0.4915">
        <testcase classname="components/BoardPage/__tests__/DragDrop/ListReordering.test.tsx" name="List reordering &gt; reorders lists within a card through the real sortable target" time="0.4913">
        </testcase>
    </testsuite>
    <testsuite name="components/BoardPage/__tests__/DragDrop/SaveDebounce.test.tsx" timestamp="2026-10-01T13:58:47.416Z" hostname="IaM-Desktop" tests="1" failures="0" errors="0" skipped="0" time="1.0189">
        <testcase classname="components/BoardPage/__tests__/DragDrop/SaveDebounce.test.tsx" name="Drag save debounce &gt; coalesces consecutive drags into one save of the latest layout" time="1.0179">
        </testcase>
    </testsuite>
    <testsuite name="components/BoardPage/__tests__/DragDrop/SaveQueue.test.tsx" timestamp="2026-10-01T13:58:47.417Z" hostname="IaM-Desktop" tests="1" failures="0" errors="0" skipped="0" time="0.9318">
        <testcase classname="components/BoardPage/__tests__/DragDrop/SaveQueue.test.tsx" name="Drag save queue &gt; starts the queued job after the active job completes" time="0.9317">
        </testcase>
    </testsuite>
    <testsuite name="components/BoardPage/__tests__/DragDrop/StaleSaveFailure.test.tsx" timestamp="2026-10-01T13:58:47.417Z" hostname="IaM-Desktop" tests="1" failures="0" errors="0" skipped="0" time="1.002">
        <testcase classname="components/BoardPage/__tests__/DragDrop/StaleSaveFailure.test.tsx" name="Stale save failure &gt; does not roll back a newer layout when an older save fails" time="1.0019">
        </testcase>
    </testsuite>
    <testsuite name="components/BoardPage/__tests__/UpdateListFieldsFeature/DialogOpening.test.tsx" timestamp="2026-10-01T13:58:47.417Z" hostname="IaM-Desktop" tests="1" failures="0" errors="0" skipped="0" time="0.2383">
        <testcase classname="components/BoardPage/__tests__/UpdateListFieldsFeature/DialogOpening.test.tsx" name="Update list fields dialog opening &gt; opens the list fields dialog with the existing board field values" time="0.2381">
        </testcase>
    </testsuite>
    <testsuite name="components/BoardPage/__tests__/UpdateListFieldsFeature/FullUpdateFlow.test.tsx" timestamp="2026-10-01T13:58:47.418Z" hostname="IaM-Desktop" tests="1" failures="0" errors="0" skipped="0" time="0.835">
        <testcase classname="components/BoardPage/__tests__/UpdateListFieldsFeature/FullUpdateFlow.test.tsx" name="Update list fields full flow &gt; updates field configuration, removes a field, changes a field type, and adds a field" time="0.8348">
        </testcase>
    </testsuite>
    <testsuite name="components/BoardPage/__tests__/UpdateListFieldsFeature/SubmitError.test.tsx" timestamp="2026-10-01T13:58:47.418Z" hostname="IaM-Desktop" tests="1" failures="0" errors="0" skipped="0" time="0.7126">
        <testcase classname="components/BoardPage/__tests__/UpdateListFieldsFeature/SubmitError.test.tsx" name="Update list fields submit error &gt; keeps the existing board fields when updating list fields fails" time="0.7123">
        </testcase>
    </testsuite>
    <testsuite name="components/Mutation/List/__tests__/BaseDialog/DialogToggle.test.tsx" timestamp="2026-10-01T13:58:47.419Z" hostname="IaM-Desktop" tests="1" failures="0" errors="0" skipped="0" time="0.1313">
        <testcase classname="components/Mutation/List/__tests__/BaseDialog/DialogToggle.test.tsx" name="ListDialog interaction &gt; dialog is opened/closed when clicking the open/cancel button" time="0.131">
        </testcase>
    </testsuite>
    <testsuite name="components/Mutation/List/__tests__/BaseDialog/ListDialog.test.tsx" timestamp="2026-10-01T13:58:47.419Z" hostname="IaM-Desktop" tests="3" failures="0" errors="0" skipped="0" time="0.2572">
        <testcase classname="components/Mutation/List/__tests__/BaseDialog/ListDialog.test.tsx" name="ListDialog base UI &gt; renders the list form dialog correctly" time="0.0706">
        </testcase>
        <testcase classname="components/Mutation/List/__tests__/BaseDialog/ListDialog.test.tsx" name="ListDialog base UI &gt; renders the inputs from the provided form state" time="0.0692">
        </testcase>
        <testcase classname="components/Mutation/List/__tests__/BaseDialog/ListDialog.test.tsx" name="ListDialog base UI &gt; opens and closes from the controlled dialog state" time="0.1172">
        </testcase>
    </testsuite>
    <testsuite name="components/Mutation/List/__tests__/BaseDialog/PendingSubmission.test.tsx" timestamp="2026-10-01T13:58:47.420Z" hostname="IaM-Desktop" tests="2" failures="0" errors="0" skipped="0" time="0.5335">
        <testcase classname="components/Mutation/List/__tests__/BaseDialog/PendingSubmission.test.tsx" name="blocks dismissal and both actions during save, then unlocks on failure" time="0.2817">
        </testcase>
        <testcase classname="components/Mutation/List/__tests__/BaseDialog/PendingSubmission.test.tsx" name="blocks dismissal and both actions during delete, then unlocks on failure" time="0.2516">
        </testcase>
    </testsuite>
    <testsuite name="components/Mutation/Card/__tests__/BaseDialog/CardDialog.test.tsx" timestamp="2026-10-01T13:58:47.420Z" hostname="IaM-Desktop" tests="3" failures="0" errors="0" skipped="0" time="0.2417">
        <testcase classname="components/Mutation/Card/__tests__/BaseDialog/CardDialog.test.tsx" name="CardDialog base UI &gt; renders the card form dialog correctly" time="0.0606">
        </testcase>
        <testcase classname="components/Mutation/Card/__tests__/BaseDialog/CardDialog.test.tsx" name="CardDialog base UI &gt; renders the inputs from the provided form state" time="0.0637">
        </testcase>
        <testcase classname="components/Mutation/Card/__tests__/BaseDialog/CardDialog.test.tsx" name="CardDialog base UI &gt; opens and closes from the controlled dialog state" time="0.117">
        </testcase>
    </testsuite>
    <testsuite name="components/Mutation/Card/__tests__/BaseDialog/PendingSubmission.test.tsx" timestamp="2026-10-01T13:58:47.421Z" hostname="IaM-Desktop" tests="2" failures="0" errors="0" skipped="0" time="0.5256">
        <testcase classname="components/Mutation/Card/__tests__/BaseDialog/PendingSubmission.test.tsx" name="blocks dismissal and both actions during save, then unlocks on failure" time="0.2761">
        </testcase>
        <testcase classname="components/Mutation/Card/__tests__/BaseDialog/PendingSubmission.test.tsx" name="blocks dismissal and both actions during delete, then unlocks on failure" time="0.2494">
        </testcase>
    </testsuite>
    <testsuite name="components/Mutation/Card/__tests__/Create/ActionCall.test.tsx" timestamp="2026-10-01T13:58:47.422Z" hostname="IaM-Desktop" tests="2" failures="0" errors="0" skipped="0" time="0.3689">
        <testcase classname="components/Mutation/Card/__tests__/Create/ActionCall.test.tsx" name="AddCardDialog form submission &gt; calls createCard with boardId and current form data" time="0.2239">
        </testcase>
        <testcase classname="components/Mutation/Card/__tests__/Create/ActionCall.test.tsx" name="AddCardDialog form submission &gt; submits the default color when no palette is selected manually" time="0.1446">
        </testcase>
    </testsuite>
    <testsuite name="components/Mutation/Card/__tests__/Create/CloseDialogOnSuccess.test.tsx" timestamp="2026-10-01T13:58:47.422Z" hostname="IaM-Desktop" tests="1" failures="0" errors="0" skipped="0" time="0.1655">
        <testcase classname="components/Mutation/Card/__tests__/Create/CloseDialogOnSuccess.test.tsx" name="AddCardDialog form submission &gt; closes the dialog after the success " time="0.1652">
        </testcase>
    </testsuite>
    <testsuite name="components/Mutation/Card/__tests__/Create/DialogToggle.test.tsx" timestamp="2026-10-01T13:58:47.423Z" hostname="IaM-Desktop" tests="2" failures="0" errors="0" skipped="0" time="0.1424">
        <testcase classname="components/Mutation/Card/__tests__/Create/DialogToggle.test.tsx" name="AddCardDialog interaction &gt; dialog is opened/closed when clicking the open/cancel button" time="0.1279">
        </testcase>
        <testcase classname="components/Mutation/Card/__tests__/Create/DialogToggle.test.tsx" name="AddCardDialog interaction &gt; keeps the open button disabled until list fields exist" time="0.0145">
        </testcase>
    </testsuite>
    <testsuite name="components/Mutation/Card/__tests__/Create/EmptySubmission.test.tsx" timestamp="2026-10-01T13:58:47.424Z" hostname="IaM-Desktop" tests="1" failures="0" errors="0" skipped="0" time="0.1346">
        <testcase classname="components/Mutation/Card/__tests__/Create/EmptySubmission.test.tsx" name="AddCardDialog form submission &gt; blocks empty title submission with native required validation" time="0.1342">
        </testcase>
    </testsuite>
    <testsuite name="components/Mutation/Card/__tests__/Create/HandleError.test.tsx" timestamp="2026-10-01T13:58:47.424Z" hostname="IaM-Desktop" tests="1" failures="0" errors="0" skipped="0" time="0.1895">
        <testcase classname="components/Mutation/Card/__tests__/Create/HandleError.test.tsx" name="AddCardDialog form submission &gt; shows an error toast and keeps dialog open when createCard fails" time="0.1892">
        </testcase>
    </testsuite>
    <testsuite name="components/Mutation/Card/__tests__/Create/ResetForm.test.tsx" timestamp="2026-10-01T13:58:47.425Z" hostname="IaM-Desktop" tests="1" failures="0" errors="0" skipped="0" time="0.2797">
        <testcase classname="components/Mutation/Card/__tests__/Create/ResetForm.test.tsx" name="AddCardDialog form submission &gt; resets form fields when the dialog is closed" time="0.2794">
        </testcase>
    </testsuite>
    <testsuite name="components/Mutation/Card/__tests__/Update/ActionCall.test.tsx" timestamp="2026-10-01T13:58:47.425Z" hostname="IaM-Desktop" tests="2" failures="0" errors="0" skipped="0" time="0.3696">
        <testcase classname="components/Mutation/Card/__tests__/Update/ActionCall.test.tsx" name="UpdateCardDialog form submission &gt; calls updateCard with cardId and current form data" time="0.2189">
        </testcase>
        <testcase classname="components/Mutation/Card/__tests__/Update/ActionCall.test.tsx" name="UpdateCardDialog form submission &gt; submits the selected card color when no palette is changed" time="0.1505">
        </testcase>
    </testsuite>
    <testsuite name="components/Mutation/Card/__tests__/Update/CloseDialogOnSuccess.test.tsx" timestamp="2026-10-01T13:58:47.426Z" hostname="IaM-Desktop" tests="1" failures="0" errors="0" skipped="0" time="0.1733">
        <testcase classname="components/Mutation/Card/__tests__/Update/CloseDialogOnSuccess.test.tsx" name="UpdateCardDialog form submission &gt; closes the dialog after the success" time="0.1732">
        </testcase>
    </testsuite>
    <testsuite name="components/Mutation/Card/__tests__/Update/DialogToggle.test.tsx" timestamp="2026-10-01T13:58:47.426Z" hostname="IaM-Desktop" tests="1" failures="0" errors="0" skipped="0" time="0.146">
        <testcase classname="components/Mutation/Card/__tests__/Update/DialogToggle.test.tsx" name="UpdateCardDialog interaction &gt; dialog is opened/closed when clicking the open/cancel button" time="0.1455">
        </testcase>
    </testsuite>
    <testsuite name="components/Mutation/Card/__tests__/Update/EmptySubmission.test.tsx" timestamp="2026-10-01T13:58:47.427Z" hostname="IaM-Desktop" tests="1" failures="0" errors="0" skipped="0" time="0.1636">
        <testcase classname="components/Mutation/Card/__tests__/Update/EmptySubmission.test.tsx" name="UpdateCardDialog form submission &gt; blocks empty title submission with native required validation" time="0.1633">
        </testcase>
    </testsuite>
    <testsuite name="components/Mutation/Card/__tests__/Update/HandleError.test.tsx" timestamp="2026-10-01T13:58:47.427Z" hostname="IaM-Desktop" tests="2" failures="0" errors="0" skipped="0" time="0.2812">
        <testcase classname="components/Mutation/Card/__tests__/Update/HandleError.test.tsx" name="UpdateCardDialog form submission &gt; shows an error toast and keeps dialog open when updateCard fails" time="0.1695">
        </testcase>
        <testcase classname="components/Mutation/Card/__tests__/Update/HandleError.test.tsx" name="UpdateCardDialog form submission &gt; shows a guard error and does not call updateCard when no card is selected" time="0.1115">
        </testcase>
    </testsuite>
    <testsuite name="components/Mutation/Card/__tests__/Update/Prefill.test.tsx" timestamp="2026-10-01T13:58:47.428Z" hostname="IaM-Desktop" tests="2" failures="0" errors="0" skipped="0" time="0.1375">
        <testcase classname="components/Mutation/Card/__tests__/Update/Prefill.test.tsx" name="UpdateCardDialog interaction &gt; prefills the selected card values" time="0.083">
        </testcase>
        <testcase classname="components/Mutation/Card/__tests__/Update/Prefill.test.tsx" name="UpdateCardDialog interaction &gt; prefills the form passed to the open button" time="0.0543">
        </testcase>
    </testsuite>
    <testsuite name="components/Mutation/Card/__tests__/Update/ResetForm.test.tsx" timestamp="2026-10-01T13:58:47.428Z" hostname="IaM-Desktop" tests="1" failures="0" errors="0" skipped="0" time="0.2593">
        <testcase classname="components/Mutation/Card/__tests__/Update/ResetForm.test.tsx" name="UpdateCardDialog form submission &gt; resets unsaved edits when the dialog is closed" time="0.2592">
        </testcase>
    </testsuite>
    <testsuite name="components/Mutation/Board/ListField/__tests__/CreateSubmission/ActionCall.test.tsx" timestamp="2026-10-01T13:58:47.428Z" hostname="IaM-Desktop" tests="1" failures="0" errors="0" skipped="0" time="0.2029">
        <testcase classname="components/Mutation/Board/ListField/__tests__/CreateSubmission/ActionCall.test.tsx" name="List field dialog — create action call &gt; calls createListFields when the board has no list fields" time="0.2028">
        </testcase>
    </testsuite>
    <testsuite name="components/Mutation/Board/ListField/__tests__/CreateSubmission/CreateFlow.test.tsx" timestamp="2026-10-01T13:58:47.429Z" hostname="IaM-Desktop" tests="1" failures="0" errors="0" skipped="0" time="0.2227">
        <testcase classname="components/Mutation/Board/ListField/__tests__/CreateSubmission/CreateFlow.test.tsx" name="List field dialog — create flow &gt; creates list fields, updates Apollo cache, and closes the dialog" time="0.2226">
        </testcase>
    </testsuite>
    <testsuite name="components/Mutation/Board/ListField/__tests__/CreateSubmission/PendingSubmission.test.tsx" timestamp="2026-10-01T13:58:47.429Z" hostname="IaM-Desktop" tests="1" failures="0" errors="0" skipped="0" time="0.4343">
        <testcase classname="components/Mutation/Board/ListField/__tests__/CreateSubmission/PendingSubmission.test.tsx" name="blocks dismissal and field editing while saving, then allows retry after failure" time="0.4342">
        </testcase>
    </testsuite>
    <testsuite name="components/Mutation/Board/ListField/__tests__/CreateSubmission/SubmitEditedValues.test.tsx" timestamp="2026-10-01T13:58:47.430Z" hostname="IaM-Desktop" tests="1" failures="0" errors="0" skipped="0" time="0.4274">
        <testcase classname="components/Mutation/Board/ListField/__tests__/CreateSubmission/SubmitEditedValues.test.tsx" name="Add List field — form edited submit values &gt; submits updated values after field type changes and removal" time="0.4273">
        </testcase>
    </testsuite>
    <testsuite name="components/Mutation/Board/ListField/__tests__/CreateSubmission/SubmitError.test.tsx" timestamp="2026-10-01T13:58:47.430Z" hostname="IaM-Desktop" tests="1" failures="0" errors="0" skipped="0" time="0.1554">
        <testcase classname="components/Mutation/Board/ListField/__tests__/CreateSubmission/SubmitError.test.tsx" name="Add List field — form submit errors &gt; keeps the form mounted and shows a toast when saving list fields fails" time="0.1551">
        </testcase>
    </testsuite>
    <testsuite name="components/Mutation/Board/ListField/__tests__/CreateSubmission/SubmitValues.test.tsx" timestamp="2026-10-01T13:58:47.430Z" hostname="IaM-Desktop" tests="1" failures="0" errors="0" skipped="0" time="0.3035">
        <testcase classname="components/Mutation/Board/ListField/__tests__/CreateSubmission/SubmitValues.test.tsx" name="Add List field — form submit values &gt; submits the configured field values" time="0.3032">
        </testcase>
    </testsuite>
    <testsuite name="components/Mutation/Board/ListField/__tests__/FieldSubmission/Checkbox.test.tsx" timestamp="2026-10-01T13:58:47.431Z" hostname="IaM-Desktop" tests="1" failures="0" errors="0" skipped="0" time="0.1519">
        <testcase classname="components/Mutation/Board/ListField/__tests__/FieldSubmission/Checkbox.test.tsx" name="List field submission — checkbox field &gt; sends the checkbox field to the action in the correct format" time="0.1518">
        </testcase>
    </testsuite>
    <testsuite name="components/Mutation/Board/ListField/__tests__/FieldSubmission/Date.test.tsx" timestamp="2026-10-01T13:58:47.431Z" hostname="IaM-Desktop" tests="1" failures="0" errors="0" skipped="0" time="0.2279">
        <testcase classname="components/Mutation/Board/ListField/__tests__/FieldSubmission/Date.test.tsx" name="List field submission — date field &gt; sends the date field to the action in the correct format" time="0.2275">
        </testcase>
    </testsuite>
    <testsuite name="components/Mutation/Board/ListField/__tests__/FieldSubmission/Image.test.tsx" timestamp="2026-10-01T13:58:47.432Z" hostname="IaM-Desktop" tests="1" failures="0" errors="0" skipped="0" time="0.2115">
        <testcase classname="components/Mutation/Board/ListField/__tests__/FieldSubmission/Image.test.tsx" name="List field submission — image field &gt; sends the image field to the action in the correct format" time="0.2113">
        </testcase>
    </testsuite>
    <testsuite name="components/Mutation/Board/ListField/__tests__/FieldSubmission/Number.test.tsx" timestamp="2026-10-01T13:58:47.432Z" hostname="IaM-Desktop" tests="1" failures="0" errors="0" skipped="0" time="0.306">
        <testcase classname="components/Mutation/Board/ListField/__tests__/FieldSubmission/Number.test.tsx" name="List field submission — number field &gt; sends the number field to the action in the correct format" time="0.3058">
        </testcase>
    </testsuite>
    <testsuite name="components/Mutation/Board/ListField/__tests__/FieldSubmission/PositionOrdering.test.tsx" timestamp="2026-10-01T13:58:47.432Z" hostname="IaM-Desktop" tests="1" failures="0" errors="0" skipped="0" time="0.3203">
        <testcase classname="components/Mutation/Board/ListField/__tests__/FieldSubmission/PositionOrdering.test.tsx" name="List field submission — position ordering &gt; sends positions that match the submitted array order after removal and add" time="0.32">
        </testcase>
    </testsuite>
    <testsuite name="components/Mutation/Board/ListField/__tests__/FieldSubmission/Tag.test.tsx" timestamp="2026-10-01T13:58:47.433Z" hostname="IaM-Desktop" tests="1" failures="0" errors="0" skipped="0" time="0.2271">
        <testcase classname="components/Mutation/Board/ListField/__tests__/FieldSubmission/Tag.test.tsx" name="List field submission — tag field &gt; sends the tag field to the action in the correct format" time="0.2269">
        </testcase>
    </testsuite>
    <testsuite name="components/Mutation/Board/ListField/__tests__/FieldSubmission/Text.test.tsx" timestamp="2026-10-01T13:58:47.433Z" hostname="IaM-Desktop" tests="1" failures="0" errors="0" skipped="0" time="0.1722">
        <testcase classname="components/Mutation/Board/ListField/__tests__/FieldSubmission/Text.test.tsx" name="List field submission — text field &gt; sends the text field to the action in the correct format" time="0.172">
        </testcase>
    </testsuite>
    <testsuite name="components/Mutation/Board/ListField/__tests__/FormInteraction/DestructiveConfirmation.test.tsx" timestamp="2026-10-01T13:58:47.434Z" hostname="IaM-Desktop" tests="2" failures="0" errors="0" skipped="0" time="0.9764">
        <testcase classname="components/Mutation/Board/ListField/__tests__/FormInteraction/DestructiveConfirmation.test.tsx" name="List field form destructive confirmations &gt; warns before removing an existing field and only removes it after confirmation" time="0.4241">
        </testcase>
        <testcase classname="components/Mutation/Board/ListField/__tests__/FormInteraction/DestructiveConfirmation.test.tsx" name="List field form destructive confirmations &gt; warns once before changing an existing field type away from the database type" time="0.5521">
        </testcase>
    </testsuite>
    <testsuite name="components/Mutation/Board/ListField/__tests__/FormInteraction/FieldDetailsDisclosure.test.tsx" timestamp="2026-10-01T13:58:47.434Z" hostname="IaM-Desktop" tests="1" failures="0" errors="0" skipped="0" time="0.2071">
        <testcase classname="components/Mutation/Board/ListField/__tests__/FormInteraction/FieldDetailsDisclosure.test.tsx" name="List field form details disclosure &gt; collapses and expands field details while keeping draft values" time="0.207">
        </testcase>
    </testsuite>
    <testsuite name="components/Mutation/Board/ListField/__tests__/FormInteraction/FieldRemoval.test.tsx" timestamp="2026-10-01T13:58:47.435Z" hostname="IaM-Desktop" tests="1" failures="0" errors="0" skipped="0" time="0.2834">
        <testcase classname="components/Mutation/Board/ListField/__tests__/FormInteraction/FieldRemoval.test.tsx" name="List field form removal &gt; removes the selected field without removing sibling fields" time="0.2831">
        </testcase>
    </testsuite>
    <testsuite name="components/Mutation/Board/ListField/__tests__/FormInteraction/FieldTypeChange.test.tsx" timestamp="2026-10-01T13:58:47.435Z" hostname="IaM-Desktop" tests="1" failures="0" errors="0" skipped="0" time="0.3094">
        <testcase classname="components/Mutation/Board/ListField/__tests__/FormInteraction/FieldTypeChange.test.tsx" name="List field form type changes &gt; changes field type and resets type-specific config" time="0.3093">
        </testcase>
    </testsuite>
    <testsuite name="components/Mutation/Board/ListField/__tests__/FormInteraction/RequiredFields.test.tsx" timestamp="2026-10-01T13:58:47.435Z" hostname="IaM-Desktop" tests="1" failures="0" errors="0" skipped="0" time="0.2179">
        <testcase classname="components/Mutation/Board/ListField/__tests__/FormInteraction/RequiredFields.test.tsx" name="List field dialog — create/update required fields &gt; does not expose save or call an action after every existing field is removed" time="0.2177">
        </testcase>
    </testsuite>
    <testsuite name="components/Mutation/Board/ListField/__tests__/FormInteraction/ResetFields.test.tsx" timestamp="2026-10-01T13:58:47.436Z" hostname="IaM-Desktop" tests="2" failures="0" errors="0" skipped="0" time="0.5436">
        <testcase classname="components/Mutation/Board/ListField/__tests__/FormInteraction/ResetFields.test.tsx" name="List field form reset &gt; resets create-mode fields back to an empty initial form" time="0.2454">
        </testcase>
        <testcase classname="components/Mutation/Board/ListField/__tests__/FormInteraction/ResetFields.test.tsx" name="List field form reset &gt; resets update-mode edits back to the initial database fields" time="0.2981">
        </testcase>
    </testsuite>
    <testsuite name="components/Mutation/Board/ListField/__tests__/FormInteraction/UnsavedCloseConfirmation.test.tsx" timestamp="2026-10-01T13:58:47.436Z" hostname="IaM-Desktop" tests="3" failures="0" errors="0" skipped="0" time="0.7921">
        <testcase classname="components/Mutation/Board/ListField/__tests__/FormInteraction/UnsavedCloseConfirmation.test.tsx" name="List field dialog unsaved close confirmation &gt; keeps the dialog open when canceling an unsaved close from the close button" time="0.3186">
        </testcase>
        <testcase classname="components/Mutation/Board/ListField/__tests__/FormInteraction/UnsavedCloseConfirmation.test.tsx" name="List field dialog unsaved close confirmation &gt; closes the dialog after confirming an unsaved close" time="0.2408">
        </testcase>
        <testcase classname="components/Mutation/Board/ListField/__tests__/FormInteraction/UnsavedCloseConfirmation.test.tsx" name="List field dialog unsaved close confirmation &gt; uses the same unsaved confirmation when Headless UI requests the dialog to close" time="0.2325">
        </testcase>
    </testsuite>
    <testsuite name="components/Mutation/Board/ListField/__tests__/Preview/PreviewCheckboxTag.test.tsx" timestamp="2026-10-01T13:58:47.437Z" hostname="IaM-Desktop" tests="2" failures="0" errors="0" skipped="0" time="0.1638">
        <testcase classname="components/Mutation/Board/ListField/__tests__/Preview/PreviewCheckboxTag.test.tsx" name="List field preview for checkbox and tag fields &gt; shows the checkbox checklist preview" time="0.0982">
        </testcase>
        <testcase classname="components/Mutation/Board/ListField/__tests__/Preview/PreviewCheckboxTag.test.tsx" name="List field preview for checkbox and tag fields &gt; shows the tag preview" time="0.0652">
        </testcase>
    </testsuite>
    <testsuite name="components/Mutation/Board/ListField/__tests__/Preview/PreviewDateImage.test.tsx" timestamp="2026-10-01T13:58:47.438Z" hostname="IaM-Desktop" tests="2" failures="0" errors="0" skipped="0" time="0.2126">
        <testcase classname="components/Mutation/Board/ListField/__tests__/Preview/PreviewDateImage.test.tsx" name="List field preview for date and image fields &gt; shows the date field title and formatted example date" time="0.1281">
        </testcase>
        <testcase classname="components/Mutation/Board/ListField/__tests__/Preview/PreviewDateImage.test.tsx" name="List field preview for date and image fields &gt; shows the image field title and placeholder image" time="0.0844">
        </testcase>
    </testsuite>
    <testsuite name="components/Mutation/Board/ListField/__tests__/Preview/PreviewTextNumber.test.tsx" timestamp="2026-10-01T13:58:47.438Z" hostname="IaM-Desktop" tests="2" failures="0" errors="0" skipped="0" time="0.1939">
        <testcase classname="components/Mutation/Board/ListField/__tests__/Preview/PreviewTextNumber.test.tsx" name="List field preview for text and number fields &gt; shows the text field title and example note" time="0.1125">
        </testcase>
        <testcase classname="components/Mutation/Board/ListField/__tests__/Preview/PreviewTextNumber.test.tsx" name="List field preview for text and number fields &gt; shows the number field title and formatted example number" time="0.0811">
        </testcase>
    </testsuite>
    <testsuite name="components/Mutation/Board/ListField/__tests__/UpdateSubmission/ActionCall.test.tsx" timestamp="2026-10-01T13:58:47.439Z" hostname="IaM-Desktop" tests="1" failures="0" errors="0" skipped="0" time="0.1965">
        <testcase classname="components/Mutation/Board/ListField/__tests__/UpdateSubmission/ActionCall.test.tsx" name="List field dialog — update action call &gt; calls updateListFields when the board already has list fields" time="0.1964">
        </testcase>
    </testsuite>
    <testsuite name="components/Mutation/Board/ListField/__tests__/UpdateSubmission/SubmitEditedValues.test.tsx" timestamp="2026-10-01T13:58:47.439Z" hostname="IaM-Desktop" tests="1" failures="0" errors="0" skipped="0" time="0.7283">
        <testcase classname="components/Mutation/Board/ListField/__tests__/UpdateSubmission/SubmitEditedValues.test.tsx" name="Update List field dialog — update submit values &gt; submits edited existing fields, excludes removed fields, and includes new client fields in array order" time="0.7281">
        </testcase>
    </testsuite>
    <testsuite name="components/Mutation/Board/ListField/__tests__/UpdateSubmission/SubmitError.test.tsx" timestamp="2026-10-01T13:58:47.440Z" hostname="IaM-Desktop" tests="1" failures="0" errors="0" skipped="0" time="0.2076">
        <testcase classname="components/Mutation/Board/ListField/__tests__/UpdateSubmission/SubmitError.test.tsx" name="Update List field dialog — update submit errors &gt; keeps the dialog mounted and shows a toast when updating list fields fails" time="0.2075">
        </testcase>
    </testsuite>
    <testsuite name="components/Mutation/Board/ListField/__tests__/UpdateSubmission/UpdateFlow.test.tsx" timestamp="2026-10-01T13:58:47.440Z" hostname="IaM-Desktop" tests="1" failures="0" errors="0" skipped="0" time="0.2045">
        <testcase classname="components/Mutation/Board/ListField/__tests__/UpdateSubmission/UpdateFlow.test.tsx" name="List field dialog — update flow &gt; updates list fields, writes the returned fields to cache, and closes the dialog" time="0.2044">
        </testcase>
    </testsuite>
    <testsuite name="components/Mutation/Board/Title/__tests__/UpdateBoardTitle/ActionCall.test.tsx" timestamp="2026-10-01T13:58:47.441Z" hostname="IaM-Desktop" tests="2" failures="0" errors="0" skipped="0" time="0.2601">
        <testcase classname="components/Mutation/Board/Title/__tests__/UpdateBoardTitle/ActionCall.test.tsx" name="UpdateBoardTitle form submission &gt; calls updateBoardTitle with the trimmed board title" time="0.1417">
        </testcase>
        <testcase classname="components/Mutation/Board/Title/__tests__/UpdateBoardTitle/ActionCall.test.tsx" name="UpdateBoardTitle form submission &gt; cancels without submitting when the trimmed title did not change" time="0.1182">
        </testcase>
    </testsuite>
    <testsuite name="components/Mutation/Board/Title/__tests__/UpdateBoardTitle/CacheUpdate.test.tsx" timestamp="2026-10-01T13:58:47.441Z" hostname="IaM-Desktop" tests="1" failures="0" errors="0" skipped="0" time="0.1302">
        <testcase classname="components/Mutation/Board/Title/__tests__/UpdateBoardTitle/CacheUpdate.test.tsx" name="UpdateBoardTitle cache update &gt; updates the normalized board title in the Apollo cache" time="0.1301">
        </testcase>
    </testsuite>
    <testsuite name="components/Mutation/Board/Title/__tests__/UpdateBoardTitle/HandleError.test.tsx" timestamp="2026-10-01T13:58:47.442Z" hostname="IaM-Desktop" tests="2" failures="0" errors="0" skipped="0" time="0.2666">
        <testcase classname="components/Mutation/Board/Title/__tests__/UpdateBoardTitle/HandleError.test.tsx" name="UpdateBoardTitle form submission &gt; shows an error toast and keeps edit mode when updateBoardTitle returns an error" time="0.152">
        </testcase>
        <testcase classname="components/Mutation/Board/Title/__tests__/UpdateBoardTitle/HandleError.test.tsx" name="UpdateBoardTitle form submission &gt; shows a generic error toast when updateBoardTitle throws" time="0.1144">
        </testcase>
    </testsuite>
    <testsuite name="components/Mutation/Board/Title/__tests__/UpdateBoardTitle/Interaction.test.tsx" timestamp="2026-10-01T13:58:47.442Z" hostname="IaM-Desktop" tests="3" failures="0" errors="0" skipped="0" time="0.2927">
        <testcase classname="components/Mutation/Board/Title/__tests__/UpdateBoardTitle/Interaction.test.tsx" name="UpdateBoardTitle interaction &gt; enters edit mode from the pencil and focuses the title" time="0.0802">
        </testcase>
        <testcase classname="components/Mutation/Board/Title/__tests__/UpdateBoardTitle/Interaction.test.tsx" name="UpdateBoardTitle interaction &gt; cancels and restores the previous title" time="0.1271">
        </testcase>
        <testcase classname="components/Mutation/Board/Title/__tests__/UpdateBoardTitle/Interaction.test.tsx" name="UpdateBoardTitle interaction &gt; cancels with Escape and restores the previous title" time="0.085">
        </testcase>
    </testsuite>
    <testsuite name="components/Mutation/Board/Title/__tests__/UpdateBoardTitle/Validation.test.tsx" timestamp="2026-10-01T13:58:47.443Z" hostname="IaM-Desktop" tests="2" failures="0" errors="0" skipped="0" time="0.1941">
        <testcase classname="components/Mutation/Board/Title/__tests__/UpdateBoardTitle/Validation.test.tsx" name="UpdateBoardTitle validation &gt; blocks whitespace-only titles" time="0.1112">
        </testcase>
        <testcase classname="components/Mutation/Board/Title/__tests__/UpdateBoardTitle/Validation.test.tsx" name="UpdateBoardTitle validation &gt; blocks titles over 30 characters after trimming" time="0.0827">
        </testcase>
    </testsuite>
    <testsuite name="components/Mutation/List/__tests__/BaseDialog/InputInteraction/Checkbox.test.tsx" timestamp="2026-10-01T13:58:47.443Z" hostname="IaM-Desktop" tests="2" failures="0" errors="0" skipped="0" time="0.1956">
        <testcase classname="components/Mutation/List/__tests__/BaseDialog/InputInteraction/Checkbox.test.tsx" name="ListDialog interaction &gt; checkbox: toggles the checked state on click" time="0.1308">
        </testcase>
        <testcase classname="components/Mutation/List/__tests__/BaseDialog/InputInteraction/Checkbox.test.tsx" name="ListDialog interaction &gt; checkbox: updates the title text on type" time="0.0644">
        </testcase>
    </testsuite>
    <testsuite name="components/Mutation/List/__tests__/BaseDialog/InputInteraction/Date.test.tsx" timestamp="2026-10-01T13:58:47.444Z" hostname="IaM-Desktop" tests="1" failures="0" errors="0" skipped="0" time="0.1436">
        <testcase classname="components/Mutation/List/__tests__/BaseDialog/InputInteraction/Date.test.tsx" name="ListDialog interaction &gt; date: updates value on type" time="0.1433">
        </testcase>
    </testsuite>
    <testsuite name="components/Mutation/List/__tests__/BaseDialog/InputInteraction/Number.test.tsx" timestamp="2026-10-01T13:58:47.444Z" hostname="IaM-Desktop" tests="1" failures="0" errors="0" skipped="0" time="0.0891">
        <testcase classname="components/Mutation/List/__tests__/BaseDialog/InputInteraction/Number.test.tsx" name="ListDialog interaction &gt; number: updates value on type" time="0.089">
        </testcase>
    </testsuite>
    <testsuite name="components/Mutation/List/__tests__/BaseDialog/InputInteraction/TagCommit.test.tsx" timestamp="2026-10-01T13:58:47.445Z" hostname="IaM-Desktop" tests="2" failures="0" errors="0" skipped="0" time="0.2088">
        <testcase classname="components/Mutation/List/__tests__/BaseDialog/InputInteraction/TagCommit.test.tsx" name="ListDialog interaction &gt; tag: commits a tag on Enter and clears the input" time="0.1241">
        </testcase>
        <testcase classname="components/Mutation/List/__tests__/BaseDialog/InputInteraction/TagCommit.test.tsx" name="ListDialog interaction &gt; tag: commits a tag on Space" time="0.0845">
        </testcase>
    </testsuite>
    <testsuite name="components/Mutation/List/__tests__/BaseDialog/InputInteraction/TagPaste.test.tsx" timestamp="2026-10-01T13:58:47.445Z" hostname="IaM-Desktop" tests="1" failures="0" errors="0" skipped="0" time="0.2607">
        <testcase classname="components/Mutation/List/__tests__/BaseDialog/InputInteraction/TagPaste.test.tsx" name="ListDialog interaction &gt; tag: converts pasted text to tags correctly" time="0.2605">
        </testcase>
    </testsuite>
    <testsuite name="components/Mutation/List/__tests__/BaseDialog/InputInteraction/TagRemove.test.tsx" timestamp="2026-10-01T13:58:47.446Z" hostname="IaM-Desktop" tests="1" failures="0" errors="0" skipped="0" time="0.1449">
        <testcase classname="components/Mutation/List/__tests__/BaseDialog/InputInteraction/TagRemove.test.tsx" name="ListDialog interaction &gt; tag: removes the last tag on Backspace when input is empty" time="0.1448">
        </testcase>
    </testsuite>
    <testsuite name="components/Mutation/List/__tests__/BaseDialog/InputInteraction/Text.test.tsx" timestamp="2026-10-01T13:58:47.446Z" hostname="IaM-Desktop" tests="1" failures="0" errors="0" skipped="0" time="0.093">
        <testcase classname="components/Mutation/List/__tests__/BaseDialog/InputInteraction/Text.test.tsx" name="ListDialog interaction &gt; text: updates textarea value on type" time="0.0928">
        </testcase>
    </testsuite>
    <testsuite name="components/Mutation/Board/Title/__tests__/AddBoardForm/ActionCall.test.tsx" timestamp="2026-10-01T13:58:47.446Z" hostname="IaM-Desktop" tests="1" failures="0" errors="0" skipped="0" time="0.1504">
        <testcase classname="components/Mutation/Board/Title/__tests__/AddBoardForm/ActionCall.test.tsx" name="AddBoardActionButton form submission &gt; calls createBoard with the trimmed board title" time="0.15">
        </testcase>
    </testsuite>
    <testsuite name="components/Mutation/Board/Title/__tests__/AddBoardForm/CacheUpdate.test.tsx" timestamp="2026-10-01T13:58:47.447Z" hostname="IaM-Desktop" tests="2" failures="0" errors="0" skipped="0" time="0.298">
        <testcase classname="components/Mutation/Board/Title/__tests__/AddBoardForm/CacheUpdate.test.tsx" name="AddBoardActionButton form submission &gt; adds the created board to the front of the Apollo cache" time="0.1786">
        </testcase>
        <testcase classname="components/Mutation/Board/Title/__tests__/AddBoardForm/CacheUpdate.test.tsx" name="AddBoardActionButton form submission &gt; does not add a duplicate board when the cache already has it" time="0.119">
        </testcase>
    </testsuite>
    <testsuite name="components/Mutation/Board/Title/__tests__/AddBoardForm/HandleError.test.tsx" timestamp="2026-10-01T13:58:47.447Z" hostname="IaM-Desktop" tests="4" failures="0" errors="0" skipped="0" time="0.5558">
        <testcase classname="components/Mutation/Board/Title/__tests__/AddBoardForm/HandleError.test.tsx" name="AddBoardActionButton form submission &gt; shows an error toast when createBoard returns an error" time="0.1458">
        </testcase>
        <testcase classname="components/Mutation/Board/Title/__tests__/AddBoardForm/HandleError.test.tsx" name="AddBoardActionButton form submission &gt; shows an error toast when the created board is missing from the response" time="0.1155">
        </testcase>
        <testcase classname="components/Mutation/Board/Title/__tests__/AddBoardForm/HandleError.test.tsx" name="AddBoardActionButton form submission &gt; shows a generic error toast when createBoard throws" time="0.115">
        </testcase>
        <testcase classname="components/Mutation/Board/Title/__tests__/AddBoardForm/HandleError.test.tsx" name="AddBoardActionButton form submission &gt; removes the pending board after the action settles" time="0.1794">
        </testcase>
    </testsuite>
    <testsuite name="components/Mutation/Board/Title/__tests__/AddBoardForm/Interaction.test.tsx" timestamp="2026-10-01T13:58:47.448Z" hostname="IaM-Desktop" tests="4" failures="0" errors="0" skipped="0" time="0.3311">
        <testcase classname="components/Mutation/Board/Title/__tests__/AddBoardForm/Interaction.test.tsx" name="AddBoardActionButton interaction &gt; opens and cancels the inline form" time="0.1833">
        </testcase>
        <testcase classname="components/Mutation/Board/Title/__tests__/AddBoardForm/Interaction.test.tsx" name="AddBoardActionButton interaction &gt; cancels the inline form with Escape" time="0.0828">
        </testcase>
        <testcase classname="components/Mutation/Board/Title/__tests__/AddBoardForm/Interaction.test.tsx" name="AddBoardActionButton interaction &gt; does not open when disabled" time="0.0145">
        </testcase>
        <testcase classname="components/Mutation/Board/Title/__tests__/AddBoardForm/Interaction.test.tsx" name="AddBoardActionButton interaction &gt; does not open without a user id" time="0.0504">
        </testcase>
    </testsuite>
    <testsuite name="components/Mutation/Board/Title/__tests__/AddBoardForm/Validation.test.tsx" timestamp="2026-10-01T13:58:47.449Z" hostname="IaM-Desktop" tests="3" failures="0" errors="0" skipped="0" time="0.2033">
        <testcase classname="components/Mutation/Board/Title/__tests__/AddBoardForm/Validation.test.tsx" name="AddBoardActionButton form validation &gt; blocks empty title submission" time="0.0767">
        </testcase>
        <testcase classname="components/Mutation/Board/Title/__tests__/AddBoardForm/Validation.test.tsx" name="AddBoardActionButton form validation &gt; blocks whitespace-only titles" time="0.0683">
        </testcase>
        <testcase classname="components/Mutation/Board/Title/__tests__/AddBoardForm/Validation.test.tsx" name="AddBoardActionButton form validation &gt; blocks titles over 30 characters after trimming" time="0.0581">
        </testcase>
    </testsuite>
    <testsuite name="components/Mutation/List/__tests__/Update/FormSubmission/ActionCall.test.tsx" timestamp="2026-10-01T13:58:47.450Z" hostname="IaM-Desktop" tests="1" failures="0" errors="0" skipped="0" time="0.1668">
        <testcase classname="components/Mutation/List/__tests__/Update/FormSubmission/ActionCall.test.tsx" name="UpdateListDialog form submission &gt; calls updateList with boardId, listId and current form data" time="0.1666">
        </testcase>
    </testsuite>
    <testsuite name="components/Mutation/List/__tests__/Update/FormSubmission/CloseDialogOnSuccess.test.tsx" timestamp="2026-10-01T13:58:47.450Z" hostname="IaM-Desktop" tests="1" failures="0" errors="0" skipped="0" time="0.1678">
        <testcase classname="components/Mutation/List/__tests__/Update/FormSubmission/CloseDialogOnSuccess.test.tsx" name="UpdateListDialog form submission &gt; closes the dialog after the success" time="0.1676">
        </testcase>
    </testsuite>
    <testsuite name="components/Mutation/List/__tests__/Update/FormSubmission/DialogToggle.test.tsx" timestamp="2026-10-01T13:58:47.451Z" hostname="IaM-Desktop" tests="1" failures="0" errors="0" skipped="0" time="0.1426">
        <testcase classname="components/Mutation/List/__tests__/Update/FormSubmission/DialogToggle.test.tsx" name="UpdateListDialog interaction &gt; dialog is opened/closed when clicking the open/cancel button" time="0.1424">
        </testcase>
    </testsuite>
    <testsuite name="components/Mutation/List/__tests__/Update/FormSubmission/EmptySubmission.test.tsx" timestamp="2026-10-01T13:58:47.451Z" hostname="IaM-Desktop" tests="1" failures="0" errors="0" skipped="0" time="0.1501">
        <testcase classname="components/Mutation/List/__tests__/Update/FormSubmission/EmptySubmission.test.tsx" name="UpdateListDialog form submission &gt; blocks empty submission and keeps dialog open" time="0.1498">
        </testcase>
    </testsuite>
    <testsuite name="components/Mutation/List/__tests__/Update/FormSubmission/HandleError.test.tsx" timestamp="2026-10-01T13:58:47.451Z" hostname="IaM-Desktop" tests="2" failures="0" errors="0" skipped="0" time="0.3408">
        <testcase classname="components/Mutation/List/__tests__/Update/FormSubmission/HandleError.test.tsx" name="UpdateListDialog form submission &gt; shows an error toast and keeps dialog open when updateList fails" time="0.1671">
        </testcase>
        <testcase classname="components/Mutation/List/__tests__/Update/FormSubmission/HandleError.test.tsx" name="UpdateListDialog form submission &gt; shows a guard error and does not call updateList when no list is selected" time="0.1735">
        </testcase>
    </testsuite>
    <testsuite name="components/Mutation/List/__tests__/Update/FormSubmission/Prefill.test.tsx" timestamp="2026-10-01T13:58:47.452Z" hostname="IaM-Desktop" tests="2" failures="0" errors="0" skipped="0" time="0.1458">
        <testcase classname="components/Mutation/List/__tests__/Update/FormSubmission/Prefill.test.tsx" name="UpdateListDialog interaction &gt; prefills existing list values" time="0.0835">
        </testcase>
        <testcase classname="components/Mutation/List/__tests__/Update/FormSubmission/Prefill.test.tsx" name="UpdateListDialog interaction &gt; prefills the list passed to the open button" time="0.0622">
        </testcase>
    </testsuite>
    <testsuite name="components/Mutation/List/__tests__/Update/FormSubmission/ResetForm.test.tsx" timestamp="2026-10-01T13:58:47.452Z" hostname="IaM-Desktop" tests="1" failures="0" errors="0" skipped="0" time="0.2118">
        <testcase classname="components/Mutation/List/__tests__/Update/FormSubmission/ResetForm.test.tsx" name="UpdateListDialog form submission &gt; resets unsaved edits when the dialog is closed" time="0.2116">
        </testcase>
    </testsuite>
    <testsuite name="components/Mutation/List/__tests__/Update/InputSubmission/Checkbox.test.tsx" timestamp="2026-10-01T13:58:47.453Z" hostname="IaM-Desktop" tests="1" failures="0" errors="0" skipped="0" time="0.2033">
        <testcase classname="components/Mutation/List/__tests__/Update/InputSubmission/Checkbox.test.tsx" name="UpdateListDialog input submission &gt; checkbox: calls updateList with correct value" time="0.2031">
        </testcase>
    </testsuite>
    <testsuite name="components/Mutation/List/__tests__/Update/InputSubmission/Date.test.tsx" timestamp="2026-10-01T13:58:47.453Z" hostname="IaM-Desktop" tests="1" failures="0" errors="0" skipped="0" time="0.1561">
        <testcase classname="components/Mutation/List/__tests__/Update/InputSubmission/Date.test.tsx" name="UpdateListDialog input submission &gt; date: calls updateList with correct value" time="0.1558">
        </testcase>
    </testsuite>
    <testsuite name="components/Mutation/List/__tests__/Update/InputSubmission/Image.test.tsx" timestamp="2026-10-01T13:58:47.454Z" hostname="IaM-Desktop" tests="1" failures="0" errors="0" skipped="0" time="0.2005">
        <testcase classname="components/Mutation/List/__tests__/Update/InputSubmission/Image.test.tsx" name="UpdateListDialog input submission &gt; image: calls updateList with correct value" time="0.2003">
        </testcase>
    </testsuite>
    <testsuite name="components/Mutation/List/__tests__/Update/InputSubmission/Number.test.tsx" timestamp="2026-10-01T13:58:47.454Z" hostname="IaM-Desktop" tests="1" failures="0" errors="0" skipped="0" time="0.1439">
        <testcase classname="components/Mutation/List/__tests__/Update/InputSubmission/Number.test.tsx" name="UpdateListDialog input submission &gt; number: calls updateList with correct value" time="0.1436">
        </testcase>
    </testsuite>
    <testsuite name="components/Mutation/List/__tests__/Update/InputSubmission/Tag.test.tsx" timestamp="2026-10-01T13:58:47.455Z" hostname="IaM-Desktop" tests="1" failures="0" errors="0" skipped="0" time="0.3153">
        <testcase classname="components/Mutation/List/__tests__/Update/InputSubmission/Tag.test.tsx" name="UpdateListDialog input submission &gt; tag: calls updateList with correct value" time="0.3151">
        </testcase>
    </testsuite>
    <testsuite name="components/Mutation/List/__tests__/Update/InputSubmission/Text.test.tsx" timestamp="2026-10-01T13:58:47.455Z" hostname="IaM-Desktop" tests="1" failures="0" errors="0" skipped="0" time="0.1594">
        <testcase classname="components/Mutation/List/__tests__/Update/InputSubmission/Text.test.tsx" name="UpdateListDialog input submission &gt; text: calls updateList with correct value" time="0.1592">
        </testcase>
    </testsuite>
    <testsuite name="components/Mutation/List/__tests__/Create/FormSubmission/ActionCall.test.tsx" timestamp="2026-10-01T13:58:47.456Z" hostname="IaM-Desktop" tests="1" failures="0" errors="0" skipped="0" time="0.197">
        <testcase classname="components/Mutation/List/__tests__/Create/FormSubmission/ActionCall.test.tsx" name="AddListDialog form submission &gt; calls createList with boardId, cardId and current form data" time="0.1965">
        </testcase>
    </testsuite>
    <testsuite name="components/Mutation/List/__tests__/Create/FormSubmission/CloseDialogOnSuccess.test.tsx" timestamp="2026-10-01T13:58:47.456Z" hostname="IaM-Desktop" tests="1" failures="0" errors="0" skipped="0" time="0.2055">
        <testcase classname="components/Mutation/List/__tests__/Create/FormSubmission/CloseDialogOnSuccess.test.tsx" name="AddListDialog form submission &gt; closes the dialog after successful submission" time="0.2051">
        </testcase>
    </testsuite>
    <testsuite name="components/Mutation/List/__tests__/Create/FormSubmission/EmptySubmission.test.tsx" timestamp="2026-10-01T13:58:47.457Z" hostname="IaM-Desktop" tests="1" failures="0" errors="0" skipped="0" time="0.1572">
        <testcase classname="components/Mutation/List/__tests__/Create/FormSubmission/EmptySubmission.test.tsx" name="AddListDialog form submission &gt; blocks empty submission and keeps the dialog open" time="0.1568">
        </testcase>
    </testsuite>
    <testsuite name="components/Mutation/List/__tests__/Create/FormSubmission/HandleError.test.tsx" timestamp="2026-10-01T13:58:47.457Z" hostname="IaM-Desktop" tests="1" failures="0" errors="0" skipped="0" time="0.1679">
        <testcase classname="components/Mutation/List/__tests__/Create/FormSubmission/HandleError.test.tsx" name="AddListDialog form submission &gt; shows an error toast and keeps dialog open when createList fails" time="0.1676">
        </testcase>
    </testsuite>
    <testsuite name="components/Mutation/List/__tests__/Create/FormSubmission/ResetForm.test.tsx" timestamp="2026-10-01T13:58:47.458Z" hostname="IaM-Desktop" tests="1" failures="0" errors="0" skipped="0" time="0.2026">
        <testcase classname="components/Mutation/List/__tests__/Create/FormSubmission/ResetForm.test.tsx" name="AddListDialog form submission &gt; resets form fields when the dialog is closed" time="0.2024">
        </testcase>
    </testsuite>
    <testsuite name="components/Mutation/List/__tests__/Create/InputSubmission/Checkbox.test.tsx" timestamp="2026-10-01T13:58:47.458Z" hostname="IaM-Desktop" tests="1" failures="0" errors="0" skipped="0" time="0.1546">
        <testcase classname="components/Mutation/List/__tests__/Create/InputSubmission/Checkbox.test.tsx" name="AddListDialog form submission &gt; checkbox: calls createList with correct value" time="0.1544">
        </testcase>
    </testsuite>
    <testsuite name="components/Mutation/List/__tests__/Create/InputSubmission/Date.test.tsx" timestamp="2026-10-01T13:58:47.459Z" hostname="IaM-Desktop" tests="1" failures="0" errors="0" skipped="0" time="0.1546">
        <testcase classname="components/Mutation/List/__tests__/Create/InputSubmission/Date.test.tsx" name="AddListDialog form submission &gt; date: calls createList with correct value" time="0.1543">
        </testcase>
    </testsuite>
    <testsuite name="components/Mutation/List/__tests__/Create/InputSubmission/Image.test.tsx" timestamp="2026-10-01T13:58:47.459Z" hostname="IaM-Desktop" tests="1" failures="0" errors="0" skipped="0" time="0.1964">
        <testcase classname="components/Mutation/List/__tests__/Create/InputSubmission/Image.test.tsx" name="AddListDialog form submission &gt; image: calls createList with correct value" time="0.196">
        </testcase>
    </testsuite>
    <testsuite name="components/Mutation/List/__tests__/Create/InputSubmission/Number.test.tsx" timestamp="2026-10-01T13:58:47.459Z" hostname="IaM-Desktop" tests="1" failures="0" errors="0" skipped="0" time="0.166">
        <testcase classname="components/Mutation/List/__tests__/Create/InputSubmission/Number.test.tsx" name="AddListDialog form submission &gt; number: calls createList with correct value" time="0.1655">
        </testcase>
    </testsuite>
    <testsuite name="components/Mutation/List/__tests__/Create/InputSubmission/Tag.test.tsx" timestamp="2026-10-01T13:58:47.460Z" hostname="IaM-Desktop" tests="1" failures="0" errors="0" skipped="0" time="0.2966">
        <testcase classname="components/Mutation/List/__tests__/Create/InputSubmission/Tag.test.tsx" name="AddListDialog form submission &gt; tag: calls createList with correct value" time="0.2959">
        </testcase>
    </testsuite>
    <testsuite name="components/Mutation/List/__tests__/Create/InputSubmission/Text.test.tsx" timestamp="2026-10-01T13:58:47.460Z" hostname="IaM-Desktop" tests="1" failures="0" errors="0" skipped="0" time="0.1643">
        <testcase classname="components/Mutation/List/__tests__/Create/InputSubmission/Text.test.tsx" name="AddListDialog form submission &gt; text: calls createList with correct value" time="0.1642">
        </testcase>
    </testsuite>
</testsuites>
